{
  "workflow": {
    "id": "wf-001",
    "type": "greeting:v1",
    "version": "v1",
    "status": "completed",
    "attempts": 0
  },
  "steps": [
    {
      "step_name": "_time.now:1",
      "result": "2026-01-01T00:00:00Z",
      "created_at": "2026-01-01T00:00:00Z"
    },
    {
      "step_name": "fetch_user",
      "result": {
        "id": "user-42",
        "name": "Alice"
      },
      "created_at": "2026-01-01T00:00:00Z"
    },
    {
      "step_name": "send_greeting",
      "result": {
        "message": "Hello, Alice! (2026-01-01T00:00:00Z)",
        "user_id": "user-42"
      },
      "created_at": "2026-01-01T00:00:00Z"
    }
  ]
}