--- frame 0 ---
                                        
                                        
                                        
         [38;2;255;100;80m⢠⣶⣷⣦[m      [38;2;80;100;255m⣿⣿⣿⣿⡇[m                
         [38;2;255;100;80m⠹⣿⣿⡿⠁[m     [38;2;80;100;255m⣿⣿⣿⣿⡇[m                
           [38;2;255;100;80m⠁[m       [38;2;80;100;255m⠉⠉⠉⠉⠁[m                
                                        
                                        
                                        
                                        
                                        
                                        
--- frame 1 ---
                                        
                                        
                                        
          [38;2;255;100;80m⣴⣾⣶⡄[m    [38;2;80;100;255m⢸⣿⣿⣿⣿[m                 
         [38;2;255;100;80m⠈⢿⣿⣿⠏[m    [38;2;80;100;255m⢸⣿⣿⣿⣿[m                 
           [38;2;255;100;80m⠈[m      [38;2;80;100;255m⠈⠉⠉⠉⠉[m                 
                                        
                                        
                                        
                                        
                                        
                                        
--- frame 2 ---
                                        
                                        
                                        
      [38;2;255;100;80m⣴⣾⣶⡄[m            [38;2;80;100;255m⢸⣿⣿⣿⣿[m             
     [38;2;255;100;80m⠈⢿⣿⣿⠏[m            [38;2;80;100;255m⢸⣿⣿⣿⣿[m             
       [38;2;255;100;80m⠈[m              [38;2;80;100;255m⠈⠉⠉⠉⠉[m             
                                        
                                        
                                        
                                        
                                        
                                        
--- frame 3 ---
                                        
                                        
                                        
 [38;2;255;100;80m⢠⣶⣷⣦[m                      [38;2;80;100;255m⣿⣿⣿⣿⡇[m        
 [38;2;255;100;80m⠹⣿⣿⡿⠁[m                     [38;2;80;100;255m⣿⣿⣿⣿⡇[m        
   [38;2;255;100;80m⠁[m                       [38;2;80;100;255m⠉⠉⠉⠉⠁[m        
                                        
                                        
                                        
                                        
                                        
                                        
