--- frame 0 ---
                                        
        [38;2;100;200;255m⣀[m                               
        [38;2;100;200;255m⠉[m                               
                                        
                                        
                                        
                                        
                                        
                                        
                                        
                                        
                                        
--- frame 1 ---
                                        
           [38;2;100;200;255m⣤[m                            
                                        
                                        
                                        
                                        
                                        
                                        
                                        
                                        
                                        
                                        
--- frame 2 ---
                                        
              [38;2;100;200;255m⣤[m                         
                                        
                                        
                                        
                                        
                                        
                                        
                                        
                                        
                                        
                                        
--- frame 3 ---
                                        
                 [38;2;100;200;255m⠶[m                      
                                        
                                        
                                        
                                        
                                        
                                        
                                        
                                        
                                        
                                        
--- frame 4 ---
                                        
                    [38;2;100;200;255m⠛[m                   
                                        
                                        
                                        
                                        
                                        
                                        
                                        
                                        
                                        
                                        
