--- frame 0 ---
┌──────────────────────────────────────┐
│                                      │
│                                      │
│                                      │
│               [38;2;180;255;200;48;2;0;0;0m⣀⣀⣀⣀⣀⡀[m                 │
│            [38;2;180;255;200;48;2;0;0;0m⢀⣴⣿⢿⣿⡿⡟⢳⢿⣿⣷⣦⡀[m             │
│      [38;2;180;255;200;48;2;0;0;0m⢀⣤⣄⣀[m [38;2;180;255;200;48;2;0;0;0m⢰⣿⣿⣷⡯⣷⣥⣾⣿⣶⣧⠿⣻⣷⣤⡄[m           │
│     [38;2;180;255;200;48;2;0;0;0m⠰⣯⣿⣿⣿⣿⣿⣽⣭⣿⣶⣿⣿⣿⣿⣿⣿⣖⣿⣿⣿⣿⣄[m          │
│      [38;2;180;255;200;48;2;0;0;0m⠹⣿⣯⣿⣿⣿⣿⣿⣿⣿⣿⣟⣿⣿⣿⣿⣿⣿⣿⣿⣿⣿⡗[m         │
│        [38;2;180;255;200;48;2;0;0;0m⠉⠛⠿⣿⣿⣿⣿⣿⣿⣿⣿⣿⣿⡿⣿⣿⣿⣿⣿⠋[m          │
│             [38;2;180;255;200;48;2;0;0;0m⠈⠻⢿⣿⣿⣿⣙⣟⣿⣿⣿⡿⠟⠁[m           │
│                 [38;2;180;255;200;48;2;0;0;0m⣻⣿⣿⣿⣿⣿⠃[m              │
│                [38;2;180;255;200;48;2;0;0;0m⢠⣿⣿⣿⣿⣿⣿[m               │
│                [38;2;180;255;200;48;2;0;0;0m⣼⣿⣿⣿⣿⣿⣿[m               │
│                [38;2;180;255;200;48;2;0;0;0m⠛⠿⠿⠿⠟⠋⠁[m               │
│                                      │
│                                      │
│                                      │
│                                      │
└──────────────────────────────────────┘
--- frame 1 ---
┌──────────────────────────────────────┐
│                                      │
│                                      │
│                                      │
│                [38;2;180;255;200;48;2;0;0;0m⣀⣀⣀[m                   │
│      [38;2;180;255;200;48;2;0;0;0m⢀⣀[m    [38;2;180;255;200;48;2;0;0;0m⣠⣴⣺⣍⡿⢿⢿⡿⣻⡶⣤⣀[m              │
│     [38;2;180;255;200;48;2;0;0;0m⣰⡿⣿⣿⣶⣤⣰⣿⡿⣿⣿⢧⣸⣏⣷⣽⣟⣯⣿⣷⡄⣀⣀[m          │
│     [38;2;180;255;200;48;2;0;0;0m⣿⣿⣿⣽⣿⣿⣿⣿⣿⣳⣉⢯⣿⣿⣾⣻⣿⣿⣿⣿⣿⣿⣿⡆[m         │
│     [38;2;180;255;200;48;2;0;0;0m⠻⢿⣿⣾⣿⣿⣿⣿⣿⡽⣑⣿⣿⣽⣿⣿⣿⣿⣿⣿⣿⣿⡿⠆[m         │
│       [38;2;180;255;200;48;2;0;0;0m⠈⠙⠻⠿⢿⣿⠿⣞⣿⣷⡾⣿⣿⣿⣿⣿⣿⣿⣿⣿⠇[m          │
│              [38;2;180;255;200;48;2;0;0;0m⠙⠿⣻⣿⣿⣿⣿⢿⣿⣿⣿⠟⠁[m           │
│                [38;2;180;255;200;48;2;0;0;0m⠈⠙⣿⣿⣿⣿⣿⣿⡿[m             │
│                 [38;2;180;255;200;48;2;0;0;0m⢀⣾⣿⣿⣿⣿⣿[m              │
│                 [38;2;180;255;200;48;2;0;0;0m⣼⣿⣿⣿⣿⣿⠃[m              │
│                 [38;2;180;255;200;48;2;0;0;0m⠙⠿⠿⠟⠋⠁[m               │
│                                      │
│                                      │
│                                      │
│                                      │
└──────────────────────────────────────┘
--- frame 2 ---
┌──────────────────────────────────────┐
│                                      │
│                                      │
│                                      │
│               [38;2;180;255;200;48;2;0;0;0m⢀⣀⣠⡤⣄⡀[m                 │
│       [38;2;180;255;200;48;2;0;0;0m⣠⣶⣶⣤⣀[m [38;2;180;255;200;48;2;0;0;0m⣠⣾⣿⣿⡻⢿⣭⣟⣷⣤⡀[m              │
│      [38;2;180;255;200;48;2;0;0;0m⢰⡻⣿⣿⣿⣟⣷⣿⣥⣜⣏⣽⡿⣯⣶⣿⣯⢿⡀⣀⣤⡀[m          │
│      [38;2;180;255;200;48;2;0;0;0m⢸⣷⣿⣽⣿⣿⣿⣿⣿⢾⣻⣿⣕⣿⣿⣿⣿⣾⣿⣿⣿⣷[m          │
│      [38;2;180;255;200;48;2;0;0;0m⠈⠫⢯⣿⣿⣻⣿⣯⣷⣿⡿⣷⣾⣿⣿⣿⣿⣿⣿⣿⣿⠏[m          │
│         [38;2;180;255;200;48;2;0;0;0m⠙⠛⠿⠿⣿⣿⣿⣧⣿⣿⣿⣿⠷⣾⣿⣿⣿⡿[m           │
│              [38;2;180;255;200;48;2;0;0;0m⠙⠿⣿⣟⣿⣻⡿⣿⣿⣿⣿⡇[m            │
│                 [38;2;180;255;200;48;2;0;0;0m⠉⠻⣿⣿⣿⣿⣿⣿⠇[m            │
│                   [38;2;180;255;200;48;2;0;0;0m⣼⣿⡿⣾⡿[m              │
│                  [38;2;180;255;200;48;2;0;0;0m⢠⣿⣿⣿⣿⠃[m              │
│                  [38;2;180;255;200;48;2;0;0;0m⠈⠻⠟⠛⠁[m               │
│                                      │
│                                      │
│                                      │
│                                      │
└──────────────────────────────────────┘
