--- frame 0 ---
┌──────────────────────────────────────┐
│                                      │
│                     [38;2;100;200;255;48;2;0;0;0m⠠[m                │
│                                      │
│                                      │
│            [38;2;100;200;255;48;2;0;0;0m⠐[m                         │
│                                      │
│                                      │
│                                      │
│                                      │
│                           [38;2;100;200;255;48;2;0;0;0m⠁[m          │
│                                      │
│                                      │
│                                      │
│            [38;2;100;200;255;48;2;0;0;0m⢀[m                         │
│                                      │
│                                      │
│                     [38;2;100;200;255;48;2;0;0;0m⠠[m                │
│                                      │
└──────────────────────────────────────┘
--- frame 1 ---
┌──────────────────────────────────────┐
│                                      │
│                     [38;2;100;200;255;48;2;0;0;0m⠠[m                │
│                                      │
│                                      │
│            [38;2;100;200;255;48;2;0;0;0m⠐[m                         │
│                                      │
│                                      │
│                                      │
│                                      │
│                           [38;2;100;200;255;48;2;0;0;0m⠁[m          │
│                                      │
│                                      │
│                                      │
│            [38;2;100;200;255;48;2;0;0;0m⢀[m                         │
│                                      │
│                                      │
│                     [38;2;100;200;255;48;2;0;0;0m⠠[m                │
│                                      │
└──────────────────────────────────────┘
--- frame 2 ---
┌──────────────────────────────────────┐
│                                      │
│                     [38;2;100;200;255;48;2;0;0;0m⠠[m                │
│                                      │
│                                      │
│            [38;2;100;200;255;48;2;0;0;0m⠐[m                         │
│                                      │
│                                      │
│                                      │
│                                      │
│                           [38;2;100;200;255;48;2;0;0;0m⠁[m          │
│                                      │
│                                      │
│                                      │
│            [38;2;100;200;255;48;2;0;0;0m⢀[m                         │
│                                      │
│                                      │
│                     [38;2;100;200;255;48;2;0;0;0m⠠[m                │
│                                      │
└──────────────────────────────────────┘
--- frame 3 ---
┌──────────────────────────────────────┐
│                                      │
│                     [38;2;100;200;255;48;2;0;0;0m⠠[m                │
│                                      │
│                                      │
│            [38;2;100;200;255;48;2;0;0;0m⠠[m                         │
│                                      │
│                                      │
│                                      │
│                                      │
│                           [38;2;100;200;255;48;2;0;0;0m⠁[m          │
│                                      │
│                                      │
│                                      │
│            [38;2;100;200;255;48;2;0;0;0m⠠[m                         │
│                                      │
│                                      │
│                     [38;2;100;200;255;48;2;0;0;0m⠠[m                │
│                                      │
└──────────────────────────────────────┘
--- frame 4 ---
┌──────────────────────────────────────┐
│                                      │
│                     [38;2;100;200;255;48;2;0;0;0m⢀[m                │
│                                      │
│                                      │
│             [38;2;100;200;255;48;2;0;0;0m⠄[m                        │
│                                      │
│                                      │
│                                      │
│                                      │
│                          [38;2;100;200;255;48;2;0;0;0m⠈[m           │
│                                      │
│                                      │
│                                      │
│             [38;2;100;200;255;48;2;0;0;0m⠄[m                        │
│                                      │
│                                      │
│                     [38;2;100;200;255;48;2;0;0;0m⠐[m                │
│                                      │
└──────────────────────────────────────┘
--- frame 5 ---
┌──────────────────────────────────────┐
│                                      │
│                     [38;2;100;200;255;48;2;0;0;0m⢀[m                │
│                                      │
│                                      │
│             [38;2;100;200;255;48;2;0;0;0m⠄[m                        │
│                                      │
│                                      │
│                                      │
│                                      │
│                          [38;2;100;200;255;48;2;0;0;0m⠈[m           │
│                                      │
│                                      │
│                                      │
│             [38;2;100;200;255;48;2;0;0;0m⠄[m                        │
│                                      │
│                                      │
│                     [38;2;100;200;255;48;2;0;0;0m⠐[m                │
│                                      │
└──────────────────────────────────────┘
--- frame 6 ---
┌──────────────────────────────────────┐
│                                      │
│                                      │
│                     [38;2;100;200;255;48;2;0;0;0m⠈[m                │
│                                      │
│             [38;2;100;200;255;48;2;0;0;0m⡀[m                        │
│                                      │
│                                      │
│                                      │
│                                      │
│                          [38;2;100;200;255;48;2;0;0;0m⠈[m           │
│                                      │
│                                      │
│                                      │
│             [38;2;100;200;255;48;2;0;0;0m⠂[m                        │
│                                      │
│                                      │
│                     [38;2;100;200;255;48;2;0;0;0m⠈[m                │
│                                      │
└──────────────────────────────────────┘
--- frame 7 ---
┌──────────────────────────────────────┐
│                                      │
│                                      │
│                     [38;2;100;200;255;48;2;0;0;0m⠁[m                │
│                                      │
│             [38;2;100;200;255;48;2;0;0;0m⡀[m                        │
│                                      │
│                                      │
│                                      │
│                                      │
│                          [38;2;100;200;255;48;2;0;0;0m⠁[m           │
│                                      │
│                                      │
│                                      │
│             [38;2;100;200;255;48;2;0;0;0m⠂[m                        │
│                                      │
│                                      │
│                     [38;2;100;200;255;48;2;0;0;0m⠁[m                │
│                                      │
└──────────────────────────────────────┘
--- frame 8 ---
┌──────────────────────────────────────┐
│                                      │
│                                      │
│                     [38;2;100;200;255;48;2;0;0;0m⠂[m                │
│                                      │
│             [38;2;100;200;255;48;2;0;0;0m⢀[m                        │
│                                      │
│                                      │
│                                      │
│                                      │
│                          [38;2;100;200;255;48;2;0;0;0m⠁[m           │
│                                      │
│                                      │
│                                      │
│             [38;2;100;200;255;48;2;0;0;0m⠐[m                        │
│                                      │
│                     [38;2;100;200;255;48;2;0;0;0m⡀[m                │
│                                      │
│                                      │
└──────────────────────────────────────┘
--- frame 9 ---
┌──────────────────────────────────────┐
│                                      │
│                                      │
│                     [38;2;100;200;255;48;2;0;0;0m⠄[m                │
│                                      │
│                                      │
│             [38;2;100;200;255;48;2;0;0;0m⠈[m                        │
│                                      │
│                                      │
│                                      │
│                          [38;2;100;200;255;48;2;0;0;0m⠁[m           │
│                                      │
│                                      │
│                                      │
│             [38;2;100;200;255;48;2;0;0;0m⠈[m                        │
│                                      │
│                     [38;2;100;200;255;48;2;0;0;0m⠄[m                │
│                                      │
│                                      │
└──────────────────────────────────────┘
