--- frame 0 ---
┌──────────────────────────────────────────────────────────┐
│                                                          │
│                                                          │
│                                                          │
│                                                          │
│         [38;2;177;125;177m⠤[m         [38;2;177;125;177m⡇[m         [38;2;177;125;177m⠒[m         [38;2;177;125;177m⡀[m         [38;2;100;150;255m⠤[m        │
│                                                          │
│                                                          │
│                                                          │
│                                                          │
│         [38;2;176;125;178m⠡[m         [38;2;176;125;178m⢇[m         [38;2;176;125;178m⠈[m         [38;2;176;125;178m⠊[m         [38;2;255;100;100m⠤[m        │
│                                                          │
│                                                          │
│                                                          │
│                                                          │
│                                                 [38;2;107;147;247m⠤[m        │
│                                                          │
│                                                          │
│                                                          │
└──────────────────────────────────────────────────────────┘
