--- frame 0 (t=0.0s) ---
┌──────────────────────────────────────┐
│                                      │
│ [38;2;255;100;100;48;2;0;0;0m▀▀▀▀▀[m        [38;2;100;255;100;48;2;0;0;0m▀▀▀▀▀[m                   │
│ [38;2;255;100;100;48;2;0;0;0m▀▀▀▀▀[m        [38;2;100;255;100;48;2;0;0;0m▀▀▀▀▀[m                   │
│                                      │
│                                      │
│                                      │
│                                      │
│                                      │
│                                      │
│                                      │
└──────────────────────────────────────┘
--- frame 1 (t=0.4s) ---
┌──────────────────────────────────────┐
│                                      │
│       [38;2;255;100;100;48;2;0;0;0m▀▀▀▀▀[m                          │
│       [38;2;255;100;100;48;2;0;0;0m▀▀▀▀▀[m  [38;2;100;255;100m▄▄▄▄▄[m                   │
│              [38;2;0;0;0;48;2;100;255;100m▀▀▀▀▀[m                   │
│              [38;2;0;0;0m▀▀▀▀▀[m                   │
│                                      │
│                                      │
│                                      │
│                                      │
│                                      │
└──────────────────────────────────────┘
--- frame 2 (t=0.8s) ---
┌──────────────────────────────────────┐
│                                      │
│            [38;2;255;100;100;48;2;0;0;0m▀▀▀▀▀[m                     │
│            [38;2;255;100;100;48;2;0;0;0m▀▀▀▀▀[m                     │
│                                      │
│              [38;2;100;255;100;48;2;0;0;0m▀▀▀▀▀[m                   │
│              [38;2;100;255;100;48;2;0;0;0m▀▀▀▀▀[m                   │
│                                      │
│                                      │
│                                      │
│                                      │
└──────────────────────────────────────┘
--- frame 3 (t=1.2s) ---
┌──────────────────────────────────────┐
│                                      │
│                  [38;2;255;100;100;48;2;0;0;0m▀▀▀▀▀[m               │
│                  [38;2;255;100;100;48;2;0;0;0m▀▀▀▀▀[m               │
│                                      │
│                                      │
│              [38;2;100;255;100m▄▄▄▄▄[m                   │
│              [38;2;0;0;0;48;2;100;255;100m▀▀▀▀▀[m                   │
│              [38;2;0;0;0m▀▀▀▀▀[m                   │
│                                      │
│                                      │
└──────────────────────────────────────┘
--- frame 4 (t=1.6s) ---
┌──────────────────────────────────────┐
│                                      │
│                        [38;2;255;100;100;48;2;0;0;0m▀▀▀▀▀[m         │
│                        [38;2;255;100;100;48;2;0;0;0m▀▀▀▀▀[m         │
│                                      │
│                                      │
│                                      │
│                                      │
│              [38;2;100;255;100;48;2;0;0;0m▀▀▀▀▀[m                   │
│              [38;2;100;255;100;48;2;0;0;0m▀▀▀▀▀[m                   │
│                                      │
└──────────────────────────────────────┘
