--- frame 0 (t=0.0s) ---
┌────────────────────────────────────────────────┐
│                                                │
│                                                │
│                                                │
│                                                │
│                                                │
│                                                │
│                                                │
│                                                │
└────────────────────────────────────────────────┘
--- frame 1 (t=0.5s) ---
┌────────────────────────────────────────────────┐
│                                                │
│                                                │
│    [38;2;255;100;100;48;2;0;0;0m▀▀▀▀▀▀▀▀[m                                    │
│    [38;2;255;100;100;48;2;0;0;0m▀▀▀▀▀▀▀▀[m                                    │
│    [38;2;255;100;100;48;2;0;0;0m▀▀▀▀▀▀▀▀[m                                    │
│                                                │
│                                                │
│                                                │
└────────────────────────────────────────────────┘
--- frame 2 (t=1.0s) ---
┌────────────────────────────────────────────────┐
│                                                │
│                                                │
│    [38;2;255;100;100;48;2;0;0;0m▀▀▀▀▀▀▀▀[m                                    │
│    [38;2;255;100;100;48;2;0;0;0m▀▀▀▀▀▀▀▀[m                                    │
│    [38;2;255;100;100;48;2;0;0;0m▀▀▀▀▀▀▀▀[m                                    │
│                                                │
│                                                │
│                                                │
└────────────────────────────────────────────────┘
--- frame 3 (t=1.5s) ---
┌────────────────────────────────────────────────┐
│                                                │
│                                                │
│    [38;2;255;100;100;48;2;0;0;0m▀▀▀▀▀▀▀▀[m     [38;2;100;255;100;48;2;0;0;0m▀▀▀▀▀▀▀▀[m                       │
│    [38;2;255;100;100;48;2;0;0;0m▀▀▀▀▀▀▀▀[m     [38;2;100;255;100;48;2;0;0;0m▀▀▀▀▀▀▀▀[m                       │
│    [38;2;255;100;100;48;2;0;0;0m▀▀▀▀▀▀▀▀[m     [38;2;100;255;100;48;2;0;0;0m▀▀▀▀▀▀▀▀[m                       │
│                                                │
│                                                │
│                                                │
└────────────────────────────────────────────────┘
--- frame 4 (t=2.0s) ---
┌────────────────────────────────────────────────┐
│                                                │
│                                                │
│    [38;2;255;100;100;48;2;0;0;0m▀▀▀▀▀▀▀▀[m     [38;2;100;255;100;48;2;0;0;0m▀▀▀▀▀▀▀▀[m                       │
│    [38;2;255;100;100;48;2;0;0;0m▀▀▀▀▀▀▀▀[m     [38;2;100;255;100;48;2;0;0;0m▀▀▀▀▀▀▀▀[m                       │
│    [38;2;255;100;100;48;2;0;0;0m▀▀▀▀▀▀▀▀[m     [38;2;100;255;100;48;2;0;0;0m▀▀▀▀▀▀▀▀[m                       │
│                                                │
│                                                │
│                                                │
└────────────────────────────────────────────────┘
--- frame 5 (t=2.5s) ---
┌────────────────────────────────────────────────┐
│                                                │
│                                                │
│    [38;2;255;100;100;48;2;0;0;0m▀▀▀▀▀▀▀▀[m     [38;2;100;255;100;48;2;0;0;0m▀▀▀▀▀▀▀▀[m     [38;2;100;100;255;48;2;0;0;0m▀▀▀▀▀▀▀▀[m          │
│    [38;2;255;100;100;48;2;0;0;0m▀▀▀▀▀▀▀▀[m     [38;2;100;255;100;48;2;0;0;0m▀▀▀▀▀▀▀▀[m     [38;2;100;100;255;48;2;0;0;0m▀▀▀▀▀▀▀▀[m          │
│    [38;2;255;100;100;48;2;0;0;0m▀▀▀▀▀▀▀▀[m     [38;2;100;255;100;48;2;0;0;0m▀▀▀▀▀▀▀▀[m     [38;2;100;100;255;48;2;0;0;0m▀▀▀▀▀▀▀▀[m          │
│                                                │
│                                                │
│                                                │
└────────────────────────────────────────────────┘
--- frame 6 (t=3.0s) ---
┌────────────────────────────────────────────────┐
│                                                │
│                                                │
│    [38;2;255;100;100;48;2;0;0;0m▀▀▀▀▀▀▀▀[m     [38;2;100;255;100;48;2;0;0;0m▀▀▀▀▀▀▀▀[m     [38;2;100;100;255;48;2;0;0;0m▀▀▀▀▀▀▀▀[m          │
│    [38;2;255;100;100;48;2;0;0;0m▀▀▀▀▀▀▀▀[m     [38;2;100;255;100;48;2;0;0;0m▀▀▀▀▀▀▀▀[m     [38;2;100;100;255;48;2;0;0;0m▀▀▀▀▀▀▀▀[m          │
│    [38;2;255;100;100;48;2;0;0;0m▀▀▀▀▀▀▀▀[m     [38;2;100;255;100;48;2;0;0;0m▀▀▀▀▀▀▀▀[m     [38;2;100;100;255;48;2;0;0;0m▀▀▀▀▀▀▀▀[m          │
│                                                │
│                                                │
│                                                │
└────────────────────────────────────────────────┘
--- frame 7 (t=3.5s) ---
┌────────────────────────────────────────────────┐
│                                                │
│                                                │
│    [38;2;255;100;100;48;2;0;0;0m▀▀▀▀▀▀▀▀[m     [38;2;100;255;100;48;2;0;0;0m▀▀▀▀▀▀▀▀[m     [38;2;100;100;255;48;2;0;0;0m▀▀▀▀▀▀▀▀[m          │
│    [38;2;255;100;100;48;2;0;0;0m▀▀▀▀▀▀▀▀[m     [38;2;100;255;100;48;2;0;0;0m▀▀▀▀▀▀▀▀[m     [38;2;100;100;255;48;2;0;0;0m▀▀▀▀▀▀▀▀[m          │
│    [38;2;255;100;100;48;2;0;0;0m▀▀▀▀▀▀▀▀[m     [38;2;100;255;100;48;2;0;0;0m▀▀▀▀▀▀▀▀[m     [38;2;100;100;255;48;2;0;0;0m▀▀▀▀▀▀▀▀[m          │
│                                                │
│                                                │
│                                                │
└────────────────────────────────────────────────┘
